// Jest Snapshot v1, https://goo.gl/fbAQLP

exports[`FormCrearVehicles test should match snapshot 1`] = `
<div>
  <form>
    <h2>
      Form test
    </h2>
    <input
      class="sc-AxiKw deCLXK"
      name="slot"
      placeholder="Posicion donde va"
      value=""
    />
    <input
      class="sc-AxiKw deCLXK"
      name="day"
      placeholder="dia de la semana"
      value="Lunes"
    />
    <input
      class="sc-AxiKw deCLXK"
      name="responsable"
      placeholder="Nombre de el responsable"
      value=""
    />
    <select
      class="sc-AxhCb lmESJy"
      name="type"
      placeholder="Tipo"
    >
      <option>
        Seleccione
      </option>
      <option
        value="Moto"
      >
        Moto
      </option>
      <option
        value="Carro"
      >
        Carro
      </option>
      <option
        value="Weight"
      >
        Vehiculo pesado
      </option>
    </select>
    <input
      class="sc-AxiKw deCLXK"
      name="idResponsable"
      placeholder="Identificacion del responsable"
      value=""
    />
    <input
      class="sc-AxiKw deCLXK"
      name="licensePlate"
      placeholder="Placa del vehiculo"
      value=""
    />
    <button
      class="sc-AxjAm iPvOGw"
      type="submit"
    >
      Registrar
    </button>
  </form>
</div>
`;
